client/src/hooks/use-messages.ts(2,30): error TS2305: Module '"@shared/routes"' has no exported member 'InsertMessage'.
client/src/hooks/use-tickets.ts(2,30): error TS2305: Module '"@shared/routes"' has no exported member 'InsertTicket'.
client/src/pages/dashboard/ResolverDashboard.tsx(48,74): error TS2322: Type 'Element' is not assignable to type 'string'.
client/src/pages/portal/TicketDetail.tsx(110,42): error TS2322: Type '{ className: string; label: string; }' is not assignable to type 'IntrinsicAttributes & Omit<SeparatorProps & RefAttributes<HTMLDivElement>, "ref"> & RefAttributes<HTMLDivElement>'.
  Property 'label' does not exist on type 'IntrinsicAttributes & Omit<SeparatorProps & RefAttributes<HTMLDivElement>, "ref"> & RefAttributes<HTMLDivElement>'.
